ca65 V2.18 - N/A
Main file   : hello.s
Current file: hello.s

000000r 1               ; test "hello world" which blinks all pins on port a of via 2
000000r 1               .segment "USER"
000000r 1               
000000r 1               PORTB = $5000               ; via 2
000000r 1               PORTA = $5001
000000r 1               DDRB  = $5002
000000r 1               DDRA  = $5003
000000r 1               
000000r 1                 .import prompt_loop
000000r 1               
000000r 1  00 30          .word $3000               ; put origin at the top of the output binary file
000002r 1                 .org $3000
003000  1               
003000  1  A9 FF          LDA #$FF
003002  1  8D 02 50       STA DDRB                  ; set all pins output
003005  1               hello_loop:
003005  1  20 18 30       JSR delay
003008  1  A9 FF          LDA #$FF
00300A  1  8D 01 50       STA PORTA
00300D  1  20 18 30       JSR delay
003010  1  A9 00          LDA #$00
003012  1  8D 01 50       STA PORTA
003015  1  4C rr rr       JMP prompt_loop
003018  1                 ;JMP hello_loop
003018  1               
003018  1               delay:
003018  1  5A             phy
003019  1  DA             phx
00301A  1               delay_loop:
00301A  1  A0 01          ldy #1
00301C  1               minidly:
00301C  1  A2 68          ldx #$68
00301E  1               delay_1:
00301E  1  CA             dex
00301F  1  D0 FD          bne delay_1
003021  1  88             dey
003022  1  D0 F8          bne minidly
003024  1  FA             plx
003025  1  7A             ply
003026  1               delay_done:
003026  1  60             rts
003026  1               
